
> knowledge-atlas@2.0.0 audit:local
> node tools/audit-local.mjs

{
  "scope": "Local installed lockfile packages and unchanged vendor bytes. Does NOT certify current vulnerabilities or complete precompiled Mermaid transitive licenses.",
  "lockfilePackages": [
    {
      "name": "@napi-rs/canvas",
      "version": "0.1.100",
      "license": "MIT"
    },
    {
      "name": "@napi-rs/canvas-android-arm64",
      "version": "0.1.100",
      "license": "MIT"
    },
    {
      "name": "@napi-rs/canvas-darwin-arm64",
      "version": "0.1.100",
      "license": "MIT"
    },
    {
      "name": "@napi-rs/canvas-darwin-x64",
      "version": "0.1.100",
      "license": "MIT"
    },
    {
      "name": "@napi-rs/canvas-linux-arm-gnueabihf",
      "version": "0.1.100",
      "license": "MIT"
    },
    {
      "name": "@napi-rs/canvas-linux-arm64-gnu",
      "version": "0.1.100",
      "license": "MIT"
    },
    {
      "name": "@napi-rs/canvas-linux-arm64-musl",
      "version": "0.1.100",
      "license": "MIT"
    },
    {
      "name": "@napi-rs/canvas-linux-riscv64-gnu",
      "version": "0.1.100",
      "license": "MIT"
    },
    {
      "name": "@napi-rs/canvas-linux-x64-gnu",
      "version": "0.1.100",
      "license": "MIT"
    },
    {
      "name": "@napi-rs/canvas-linux-x64-musl",
      "version": "0.1.100",
      "license": "MIT"
    },
    {
      "name": "@napi-rs/canvas-win32-arm64-msvc",
      "version": "0.1.100",
      "license": "MIT"
    },
    {
      "name": "@napi-rs/canvas-win32-x64-msvc",
      "version": "0.1.100",
      "license": "MIT"
    },
    {
      "name": "@oxc-project/types",
      "version": "0.149.0",
      "license": "MIT"
    },
    {
      "name": "@rolldown/binding-android-arm-eabi",
      "version": "1.2.8",
      "license": "MIT"
    },
    {
      "name": "@rolldown/binding-android-arm64",
      "version": "1.2.8",
      "license": "MIT"
    },
    {
      "name": "@rolldown/binding-darwin-arm64",
      "version": "1.2.8",
      "license": "MIT"
    },
    {
      "name": "@rolldown/binding-darwin-x64",
      "version": "1.2.8",
      "license": "MIT"
    },
    {
      "name": "@rolldown/binding-freebsd-x64",
      "version": "1.2.8",
      "license": "MIT"
    },
    {
      "name": "@rolldown/binding-linux-arm-gnueabihf",
      "version": "1.2.8",
      "license": "MIT"
    },
    {
      "name": "@rolldown/binding-linux-arm64-gnu",
      "version": "1.2.8",
      "license": "MIT"
    },
    {
      "name": "@rolldown/binding-linux-arm64-musl",
      "version": "1.2.8",
      "license": "MIT"
    },
    {
      "name": "@rolldown/binding-linux-ppc64-gnu",
      "version": "1.2.8",
      "license": "MIT"
    },
    {
      "name": "@rolldown/binding-linux-s390x-gnu",
      "version": "1.2.8",
      "license": "MIT"
    },
    {
      "name": "@rolldown/binding-linux-x64-gnu",
      "version": "1.2.8",
      "license": "MIT"
    },
    {
      "name": "@rolldown/binding-linux-x64-musl",
      "version": "1.2.8",
      "license": "MIT"
    },
    {
      "name": "@rolldown/binding-openharmony-arm64",
      "version": "1.2.8",
      "license": "MIT"
    },
    {
      "name": "@rolldown/binding-win32-arm64-msvc",
      "version": "1.2.8",
      "license": "MIT"
    },
    {
      "name": "@rolldown/binding-win32-x64-msvc",
      "version": "1.2.8",
      "license": "MIT"
    },
    {
      "name": "@rolldown/pluginutils",
      "version": "1.0.1",
      "license": "MIT"
    },
    {
      "name": "@types/prop-types",
      "version": "15.7.15",
      "license": "MIT"
    },
    {
      "name": "@types/react",
      "version": "18.3.31",
      "license": "MIT"
    },
    {
      "name": "@types/react-dom",
      "version": "18.3.7",
      "license": "MIT"
    },
    {
      "name": "clsx",
      "version": "2.1.1",
      "license": "MIT"
    },
    {
      "name": "core-util-is",
      "version": "1.0.3",
      "license": "MIT"
    },
    {
      "name": "csstype",
      "version": "3.2.3",
      "license": "MIT"
    },
    {
      "name": "dequal",
      "version": "2.0.3",
      "license": "MIT"
    },
    {
      "name": "detect-libc",
      "version": "2.1.2",
      "license": "Apache-2.0"
    },
    {
      "name": "fdir",
      "version": "6.5.0",
      "license": "MIT"
    },
    {
      "name": "fsevents",
      "version": "2.3.3",
      "license": "MIT"
    },
    {
      "name": "immediate",
      "version": "3.0.6",
      "license": "MIT"
    },
    {
      "name": "inherits",
      "version": "2.0.4",
      "license": "ISC"
    },
    {
      "name": "isarray",
      "version": "1.0.0",
      "license": "MIT"
    },
    {
      "name": "js-tokens",
      "version": "4.0.0",
      "license": "MIT"
    },
    {
      "name": "jszip",
      "version": "3.10.1",
      "license": "(MIT OR GPL-3.0-or-later)"
    },
    {
      "name": "lie",
      "version": "3.3.0",
      "license": "MIT"
    },
    {
      "name": "lightningcss",
      "version": "1.33.0",
      "license": "MPL-2.0"
    },
    {
      "name": "lightningcss-android-arm64",
      "version": "1.33.0",
      "license": "MPL-2.0"
    },
    {
      "name": "lightningcss-darwin-arm64",
      "version": "1.33.0",
      "license": "MPL-2.0"
    },
    {
      "name": "lightningcss-darwin-x64",
      "version": "1.33.0",
      "license": "MPL-2.0"
    },
    {
      "name": "lightningcss-freebsd-x64",
      "version": "1.33.0",
      "license": "MPL-2.0"
    },
    {
      "name": "lightningcss-linux-arm-gnueabihf",
      "version": "1.33.0",
      "license": "MPL-2.0"
    },
    {
      "name": "lightningcss-linux-arm64-gnu",
      "version": "1.33.0",
      "license": "MPL-2.0"
    },
    {
      "name": "lightningcss-linux-arm64-musl",
      "version": "1.33.0",
      "license": "MPL-2.0"
    },
    {
      "name": "lightningcss-linux-x64-gnu",
      "version": "1.33.0",
      "license": "MPL-2.0"
    },
    {
      "name": "lightningcss-linux-x64-musl",
      "version": "1.33.0",
      "license": "MPL-2.0"
    },
    {
      "name": "lightningcss-win32-arm64-msvc",
      "version": "1.33.0",
      "license": "MPL-2.0"
    },
    {
      "name": "lightningcss-win32-x64-msvc",
      "version": "1.33.0",
      "license": "MPL-2.0"
    },
    {
      "name": "loose-envify",
      "version": "1.4.0",
      "license": "MIT"
    },
    {
      "name": "make-cancellable-promise",
      "version": "2.0.0",
      "license": "MIT"
    },
    {
      "name": "make-event-props",
      "version": "2.0.0",
      "license": "MIT"
    },
    {
      "name": "merge-refs",
      "version": "2.0.0",
      "license": "MIT"
    },
    {
      "name": "nanoid",
      "version": "3.3.19",
      "license": "MIT"
    },
    {
      "name": "pako",
      "version": "1.0.11",
      "license": "(MIT AND Zlib)"
    },
    {
      "name": "pdfjs-dist",
      "version": "5.4.296",
      "license": "Apache-2.0"
    },
    {
      "name": "picocolors",
      "version": "1.1.1",
      "license": "ISC"
    },
    {
      "name": "picomatch",
      "version": "4.0.7",
      "license": "MIT"
    },
    {
      "name": "postcss",
      "version": "8.5.28",
      "license": "MIT"
    },
    {
      "name": "prismjs",
      "version": "1.30.0",
      "license": "MIT"
    },
    {
      "name": "process-nextick-args",
      "version": "2.0.1",
      "license": "MIT"
    },
    {
      "name": "react",
      "version": "18.3.1",
      "license": "MIT"
    },
    {
      "name": "react-dom",
      "version": "18.3.1",
      "license": "MIT"
    },
    {
      "name": "react-pdf",
      "version": "10.5.0",
      "license": "MIT"
    },
    {
      "name": "readable-stream",
      "version": "2.3.8",
      "license": "MIT"
    },
    {
      "name": "rolldown",
      "version": "1.2.8",
      "license": "MIT"
    },
    {
      "name": "safe-buffer",
      "version": "5.1.2",
      "license": "MIT"
    },
    {
      "name": "scheduler",
      "version": "0.23.2",
      "license": "MIT"
    },
    {
      "name": "setimmediate",
      "version": "1.0.5",
      "license": "MIT"
    },
    {
      "name": "source-map-js",
      "version": "1.2.1",
      "license": "BSD-3-Clause"
    },
    {
      "name": "string_decoder",
      "version": "1.1.1",
      "license": "MIT"
    },
    {
      "name": "tiny-invariant",
      "version": "1.3.3",
      "license": "MIT"
    },
    {
      "name": "tinyglobby",
      "version": "0.2.17",
      "license": "MIT"
    },
    {
      "name": "typescript",
      "version": "5.8.3",
      "license": "Apache-2.0"
    },
    {
      "name": "util-deprecate",
      "version": "1.0.2",
      "license": "MIT"
    },
    {
      "name": "vite",
      "version": "8.2.2",
      "license": "MIT"
    },
    {
      "name": "warning",
      "version": "4.0.3",
      "license": "MIT"
    }
  ],
  "vendorFiles": 113,
  "vendorByteIntegrity": "PASS",
  "installedVersionsMatch": true,
  "fullDependencyLicenseAudit": {
    "status": "BLOCKED",
    "reason": "Registry vulnerability review was not executed in the offline release environment; the inherited precompiled Mermaid closure has no complete original dependency lock/SBOM. Original upstream notices and byte pins remain intact."
  }
}
