
> knowledge-atlas@2.0.0 test:stabilization:ui
> python tests/stabilization_v2_dom.py

PASS Exact ribbon/rail ownership, workspace plus ordering, single-pane identity
PASS Five independent compact tables have three empty UI rows without fake records
PASS Dashboard second-click returns both readers with exact panes, tabs and histories
PASS All five Dashboard plus workflows use correct capture modes or canonical reading lists
PASS Capture three-row floor, five-row cap and blank-row omission
PASS Article/Transcript Back preserves all unsaved rows, hidden fields, mode, classification and context
Traceback (most recent call last):
  File "/mnt/data/atlasnote-v2-stabilized/tests/stabilization_v2_dom.py", line 24, in check
    try:d=fn();results.append({'name':name,'status':'PASS','detail':d});print('PASS',name,flush=True)
          ~~^^
  File "/mnt/data/atlasnote-v2-stabilized/tests/stabilization_v2_dom.py", line 67, in demo_load
    reset();demo();before=state();click('Load demo data');after=state();before.pop('generation',None);after.pop('generation',None);assert before==after,{'before':before,'after':after};pages=list(after['overlays']['pages'].values());assert sum('article'in x['page'] for x in pages)==3;assert sum('qcm'in x['page'] for x in pages)==3;items=after['personal']['dashboardItems'];assert any(x['status']=='archived' for x in items);assert any(x['status']=='done' for x in items);assert len(after['overlays']['references'])>=10;assert len(after['personal']['knowledge']['assignments'])>=5;shot('dashboard-demo');p.get_by_label('Include completed',exact=True).check();assert p.locator('.dashboard-data-row.done').count()>=1
                                                                                                                                                                                                                                                                                                                                                                                                                                                                                                                                                                                                                                                                                          ^^^^^^^^^^^^^^^^^^^^^^^^^^^^^^^^^^^^^^^^^^^^^^^^
AssertionError
PASS PDF actual left-tree typed drag selects the resource without a source mutation
PASS PDF Visual/JSON preserves selection, rejects malformed edits, stages import and exports exact JSON
PASS Cheatsheet actual left-tree typed drag selects the resource without a source mutation
PASS Cheatsheet Visual/JSON preserves selection, rejects malformed edits, stages import and exports exact JSON
PASS Article actual left-tree typed drag selects the resource without a source mutation
PASS Article Visual/JSON preserves selection, rejects malformed edits, stages import and exports exact JSON
PASS QCM actual left-tree typed drag selects the resource without a source mutation
PASS QCM Visual/JSON preserves selection, rejects malformed edits, stages import and exports exact JSON
PASS Tree-to-Notebook folder drop creates one explicit reference and leaves source/tree operations intact
PASS Malformed tree drag is rejected before any workspace or source mutation
PASS Keyboard Choose resource and Add to Notebook are complete drag/drop alternatives
PASS Directional A/B collapse and full-height widened strips preserve tabs and history exactly
PASS Theme fluent changes only theme, preserving exact reading/workspace session
PASS Theme neutral changes only theme, preserving exact reading/workspace session
PASS Theme academic changes only theme, preserving exact reading/workspace session
PASS Theme lavender changes only theme, preserving exact reading/workspace session
PASS Theme slate changes only theme, preserving exact reading/workspace session
PASS Five distinct themes and Dark Slate across managers, JSON, capture, Article, Context and states
Traceback (most recent call last):
  File "/mnt/data/atlasnote-v2-stabilized/tests/stabilization_v2_dom.py", line 24, in check
    try:d=fn();results.append({'name':name,'status':'PASS','detail':d});print('PASS',name,flush=True)
          ~~^^
  File "/mnt/data/atlasnote-v2-stabilized/tests/stabilization_v2_dom.py", line 121, in responsive
    dashboard();p.set_viewport_size({'width':w,'height':h});p.wait_for_timeout(160);assert p.evaluate('document.documentElement.scrollWidth-innerWidth')<=1;assert p.locator('.dashboard-mini-table table').count()==5;shot('slate-dashboard-'+str(w));click('Article content');choose_library_resource(p,SOURCES['Article']);assert p.evaluate('document.documentElement.scrollWidth-innerWidth')<=1;shot('slate-manager-'+str(w));capture();expect(p.get_by_label('Capture text 3')).to_be_visible();assert p.locator('dialog').bounding_box()['width']<=w;shot('slate-capture-'+str(w));close_panels(p);return {'viewport':[w,h],'overflow':p.evaluate('document.documentElement.scrollWidth-innerWidth')}
                                                                                                                                                                                                                                                                                ~~~~~~~~~~~~~~~~~~~~~~~^^^^^^^^^^^^^^^^^^^^^^
  File "/mnt/data/atlasnote-v2-stabilized/tests/browser_support.py", line 167, in choose_library_resource
    disclosure.locator('summary').click()
    ~~~~~~~~~~~~~~~~~~~~~~~~~~~~~~~~~~~^^
  File "/opt/pyvenv/lib/python3.13/site-packages/playwright/sync_api/_generated.py", line 15637, in click
    self._sync(
    ~~~~~~~~~~^
        self._impl_obj.click(
        ^^^^^^^^^^^^^^^^^^^^^
    ...<10 lines>...
        )
        ^
    )
    ^
  File "/opt/pyvenv/lib/python3.13/site-packages/playwright/_impl/_sync_base.py", line 115, in _sync
    return task.result()
           ~~~~~~~~~~~^^
  File "/opt/pyvenv/lib/python3.13/site-packages/playwright/_impl/_locator.py", line 162, in click
    return await self._frame._click(self._selector, strict=True, **params)
           ^^^^^^^^^^^^^^^^^^^^^^^^^^^^^^^^^^^^^^^^^^^^^^^^^^^^^^^^^^^^^^^
  File "/opt/pyvenv/lib/python3.13/site-packages/playwright/_impl/_frame.py", line 566, in _click
    await self._channel.send("click", self._timeout, locals_to_params(locals()))
  File "/opt/pyvenv/lib/python3.13/site-packages/playwright/_impl/_connection.py", line 69, in send
    return await self._connection.wrap_api_call(
           ^^^^^^^^^^^^^^^^^^^^^^^^^^^^^^^^^^^^^
    ...<3 lines>...
    )
    ^
  File "/opt/pyvenv/lib/python3.13/site-packages/playwright/_impl/_connection.py", line 559, in wrap_api_call
    raise rewrite_error(error, f"{parsed_st['apiName']}: {error}") from None
playwright._impl._errors.TimeoutError: Locator.click: Timeout 6500ms exceeded.
Call log:
  - waiting for locator("details.resource-browser").locator("summary")
    - locator resolved to <summary>Choose resource</summary>
  - attempting click action
    2 × waiting for element to be visible, enabled and stable
      - element is visible, enabled and stable
      - scrolling into view if needed
      - done scrolling
      - <button title="Demo / IT" class="tree-target">…</button> from <aside class="library-sidebar " aria-label="Article library">…</aside> subtree intercepts pointer events
    - retrying click action
    - waiting 20ms
    - waiting for element to be visible, enabled and stable
    - element is visible, enabled and stable
    - scrolling into view if needed
    - done scrolling
    - <button title="Demo / IT" class="tree-target">…</button> from <aside class="library-sidebar " aria-label="Article library">…</aside> subtree intercepts pointer events
  2 × retrying click action
      - waiting 100ms
      - waiting for element to be visible, enabled and stable
      - element is visible, enabled and stable
      - scrolling into view if needed
      - done scrolling
      - <button class="icon-button " title="Quick Capture" aria-label="Quick Capture">…</button> from <aside class="library-sidebar " aria-label="Article library">…</aside> subtree intercepts pointer events
  2 × retrying click action
      - waiting 500ms
      - waiting for element to be visible, enabled and stable
      - element is visible, enabled and stable
      - scrolling into view if needed
      - done scrolling
      - <button title="Demo / IT" class="tree-target">…</button> from <aside class="library-sidebar " aria-label="Article library">…</aside> subtree intercepts pointer events
    - retrying click action
      - waiting 500ms
      - waiting for element to be visible, enabled and stable
      - element is visible, enabled and stable
      - scrolling into view if needed
      - done scrolling
      - <button title="Demo / IT" class="tree-target">…</button> from <aside class="library-sidebar " aria-label="Article library">…</aside> subtree intercepts pointer events
    - retrying click action
      - waiting 500ms
      - waiting for element to be visible, enabled and stable
      - element is visible, enabled and stable
      - scrolling into view if needed
      - done scrolling
      - <button class="icon-button " title="Quick Capture" aria-label="Quick Capture">…</button> from <aside class="library-sidebar " aria-label="Article library">…</aside> subtree intercepts pointer events
    - retrying click action
      - waiting 500ms
      - waiting for element to be visible, enabled and stable
      - element is visible, enabled and stable
      - scrolling into view if needed
      - done scrolling
      - <button class="icon-button " title="Quick Capture" aria-label="Quick Capture">…</button> from <aside class="library-sidebar " aria-label="Article library">…</aside> subtree intercepts pointer events
  2 × retrying click action
      - waiting 500ms
      - waiting for element to be visible, enabled and stable
      - element is visible, enabled and stable
      - scrolling into view if needed
      - done scrolling
      - <button title="Demo / IT" class="tree-target">…</button> from <aside class="library-sidebar " aria-label="Article library">…</aside> subtree intercepts pointer events
  - retrying click action
    - waiting 500ms
    - waiting for element to be visible, enabled and stable
    - element is visible, enabled and stable
    - scrolling into view if needed
    - done scrolling
    - <button class="icon-button " title="Quick Capture" aria-label="Quick Capture">…</button> from <aside class="library-sidebar " aria-label="Article library">…</aside> subtree intercepts pointer events
  - retrying click action
    - waiting 500ms

PASS Responsive Dashboard/manager/Capture at 1366x768
PASS Responsive Dashboard/manager/Capture at 1440x900
PASS Responsive Dashboard/manager/Capture at 1920x1080
PASS Demo cleanup preserves customized sources, user bookmarks and unrelated captures
PASS No uncaught JavaScript exceptions in stabilization workflows
