
> knowledge-atlas@1.0.0 pretest
> npm run build


> knowledge-atlas@1.0.0 build
> node tools/build.mjs

Validated public content: {"owners":{"page.atlas.language":"atlas.reader-guide","page.atlas.layouts":"atlas.reader-guide","page.atlas.password":"atlas.reader-guide","page.atlas.pdf":"atlas.reader-guide","page.atlas.rotated":"atlas.reader-guide","page.atlas.welcome":"atlas.reader-guide","project.atlas.guide":"atlas.reader-guide","example.page.overview":"example.notes","example.page.second":"example.notes","example.term.pack":"example.notes","example.project":"example.notes"},"missing":[],"pages":8,"terms":1,"projects":2,"glossaryLinks":1}
Static build complete in dist/. No private library is included.

> knowledge-atlas@1.0.0 test
> node --test tests/*.test.mjs

TAP version 13
# Subtest: public catalogue has eight pages, one term and two projects
ok 1 - public catalogue has eight pages, one term and two projects
  ---
  duration_ms: 1.515796
  type: 'test'
  ...
# Subtest: strict schemas refuse unknown page fields
ok 2 - strict schemas refuse unknown page fields
  ---
  duration_ms: 0.950723
  type: 'test'
  ...
# Subtest: strict @2 schema requires stable IDs on all blocks
ok 3 - strict @2 schema requires stable IDs on all blocks
  ---
  duration_ms: 0.544862
  type: 'test'
  ...
# Subtest: unknown payload versions cannot be guessed
ok 4 - unknown payload versions cannot be guessed
  ---
  duration_ms: 0.393774
  type: 'test'
  ...
# Subtest: path rejected "../secret"
ok 5 - path rejected "../secret"
  ---
  duration_ms: 0.270988
  type: 'test'
  ...
# Subtest: path rejected "/absolute"
ok 6 - path rejected "/absolute"
  ---
  duration_ms: 0.065779
  type: 'test'
  ...
# Subtest: path rejected "a/../b"
ok 7 - path rejected "a/../b"
  ---
  duration_ms: 0.113281
  type: 'test'
  ...
# Subtest: path rejected "a//b"
ok 8 - path rejected "a//b"
  ---
  duration_ms: 0.061162
  type: 'test'
  ...
# Subtest: path rejected "a\\\\b"
ok 9 - path rejected "a\\\\b"
  ---
  duration_ms: 0.195996
  type: 'test'
  ...
# Subtest: path rejected "x:evil"
ok 10 - path rejected "x:evil"
  ---
  duration_ms: 0.346173
  type: 'test'
  ...
# Subtest: path rejected "a/./b"
ok 11 - path rejected "a/./b"
  ---
  duration_ms: 0.122454
  type: 'test'
  ...
# Subtest: path rejected "bad\\u0000name"
ok 12 - path rejected "bad\\u0000name"
  ---
  duration_ms: 0.053851
  type: 'test'
  ...
# Subtest: safe relative nested file accepted
ok 13 - safe relative nested file accepted
  ---
  duration_ms: 0.069816
  type: 'test'
  ...
# Subtest: unsafe URL schemes and credentials refused
ok 14 - unsafe URL schemes and credentials refused
  ---
  duration_ms: 0.21278
  type: 'test'
  ...
# Subtest: prototype pollution and overdeep objects refused
ok 15 - prototype pollution and overdeep objects refused
  ---
  duration_ms: 0.368315
  type: 'test'
  ...
# Subtest: canonical hashing stable across key order and omitted undefined fields
ok 16 - canonical hashing stable across key order and omitted undefined fields
  ---
  duration_ms: 9.606718
  type: 'test'
  ...
# Subtest: deterministic block migration retains existing IDs and all text
ok 17 - deterministic block migration retains existing IDs and all text
  ---
  duration_ms: 2.753563
  type: 'test'
  ...
# Subtest: duplicate block IDs rejected instead of silently rewritten
ok 18 - duplicate block IDs rejected instead of silently rewritten
  ---
  duration_ms: 0.186812
  type: 'test'
  ...
# Subtest: wiki references resolve while code indexing is not misread as a link
ok 19 - wiki references resolve while code indexing is not misread as a link
  ---
  duration_ms: 0.554416
  type: 'test'
  ...
# Subtest: duplicate global owner IDs rejected
ok 20 - duplicate global owner IDs rejected
  ---
  duration_ms: 0.165579
  type: 'test'
  ...
# Subtest: broken page links rejected
ok 21 - broken page links rejected
  ---
  duration_ms: 0.473524
  type: 'test'
  ...
# Subtest: glossary backlinks counted by edge, not page annotation
ok 22 - glossary backlinks counted by edge, not page annotation
  ---
  duration_ms: 0.08608
  type: 'test'
  ...
# Subtest: semantic version comparison numeric not lexicographic
ok 23 - semantic version comparison numeric not lexicographic
  ---
  duration_ms: 0.116205
  type: 'test'
  ...
# Subtest: identical import is idempotent
ok 24 - identical import is idempotent
  ---
  duration_ms: 0.94801
  type: 'test'
  ...
# Subtest: same-version changed bytes are a conflict
ok 25 - same-version changed bytes are a conflict
  ---
  duration_ms: 3.407429
  type: 'test'
  ...
# Subtest: older version does not overwrite newer built-in content
ok 26 - older version does not overwrite newer built-in content
  ---
  duration_ms: 1.029713
  type: 'test'
  ...
# Subtest: missing stable page IDs are not deletion commands
ok 27 - missing stable page IDs are not deletion commands
  ---
  duration_ms: 0.951415
  type: 'test'
  ...
# Subtest: update touching local edited source requires a rebase
ok 28 - update touching local edited source requires a rebase
  ---
  duration_ms: 1.264877
  type: 'test'
  ...
# Subtest: library update preserves additions, remarks, flags, bookmarks, archives and active views
ok 29 - library update preserves additions, remarks, flags, bookmarks, archives and active views
  ---
  duration_ms: 2.369934
  type: 'test'
  ...
# Subtest: new built-in revisions win over stale backup pack snapshots
ok 30 - new built-in revisions win over stale backup pack snapshots
  ---
  duration_ms: 2.799743
  type: 'test'
  ...
# Subtest: move operations preserve page IDs and block contents
ok 31 - move operations preserve page IDs and block contents
  ---
  duration_ms: 0.816051
  type: 'test'
  ...
# Subtest: folder cycles rejected
ok 32 - folder cycles rejected
  ---
  duration_ms: 0.208605
  type: 'test'
  ...
# Subtest: histories and English toggles independent across views
ok 33 - histories and English toggles independent across views
  ---
  duration_ms: 0.326783
  type: 'test'
  ...
# Subtest: history branch removes only forward branch of that view
ok 34 - history branch removes only forward branch of that view
  ---
  duration_ms: 0.114152
  type: 'test'
  ...
# Subtest: lossless text editing leaves structured blocks and IDs untouched
ok 35 - lossless text editing leaves structured blocks and IDs untouched
  ---
  duration_ms: 0.405832
  type: 'test'
  ...
# Subtest: search indexes code body, glossary definition and translations
ok 36 - search indexes code body, glossary definition and translations
  ---
  duration_ms: 1.262944
  type: 'test'
  ...
# Subtest: AI text export omits answers, English and personal remarks by default flags
ok 37 - AI text export omits answers, English and personal remarks by default flags
  ---
  duration_ms: 0.13905
  type: 'test'
  ...
# Subtest: AI text export includes remarks only with explicit content option
ok 38 - AI text export includes remarks only with explicit content option
  ---
  duration_ms: 0.076535
  type: 'test'
  ...
# Subtest: active SVG rejected <svg><script>alert(1)</script></svg
ok 39 - active SVG rejected <svg><script>alert(1)</script></svg
  ---
  duration_ms: 0.220612
  type: 'test'
  ...
# Subtest: active SVG rejected <svg onload="evil()"/>
ok 40 - active SVG rejected <svg onload="evil()"/>
  ---
  duration_ms: 0.370388
  type: 'test'
  ...
# Subtest: active SVG rejected <svg><image href="https://evil.test
ok 41 - active SVG rejected <svg><image href="https://evil.test
  ---
  duration_ms: 0.170787
  type: 'test'
  ...
# Subtest: active SVG rejected <svg><foreignObject>HTML</foreignOb
ok 42 - active SVG rejected <svg><foreignObject>HTML</foreignOb
  ---
  duration_ms: 0.053501
  type: 'test'
  ...
# Subtest: authored local SVG markers accepted
ok 43 - authored local SVG markers accepted
  ---
  duration_ms: 0.214704
  type: 'test'
  ...
# Subtest: HTML and LFS pointers refused as PDF bytes
ok 44 - HTML and LFS pointers refused as PDF bytes
  ---
  duration_ms: 0.12625
  type: 'test'
  ...
# Subtest: asset MIME mismatch rejected
ok 45 - asset MIME mismatch rejected
  ---
  duration_ms: 0.067822
  type: 'test'
  ...
# Subtest: repository-shaped private content export round-trips stable IDs and attachments
ok 46 - repository-shaped private content export round-trips stable IDs and attachments
  ---
  duration_ms: 107.361257
  type: 'test'
  ...
# Subtest: complete backup round-trip retains personal state and exact PDF bytes
ok 47 - complete backup round-trip retains personal state and exact PDF bytes
  ---
  duration_ms: 29.430322
  type: 'test'
  ...
# Subtest: backup refuses incomplete attachment dependencies
ok 48 - backup refuses incomplete attachment dependencies
  ---
  duration_ms: 0.231449
  type: 'test'
  ...
# Subtest: corrupt transfer checksums refused
ok 49 - corrupt transfer checksums refused
  ---
  duration_ms: 1.734636
  type: 'test'
  ...
# Subtest: ZIP traversal refused before extraction
ok 50 - ZIP traversal refused before extraction
  ---
  duration_ms: 0.503199
  type: 'test'
  ...
# Subtest: executable notebook imports quarantined
ok 51 - executable notebook imports quarantined
  ---
  duration_ms: 0.581677
  type: 'test'
  ...
# Subtest: ZIP high compression ratio refused
ok 52 - ZIP high compression ratio refused
  ---
  duration_ms: 19.756113
  type: 'test'
  ...
# Subtest: malformed ZIP header refused
ok 53 - malformed ZIP header refused
  ---
  duration_ms: 0.322817
  type: 'test'
  ...
# Subtest: valid personal state passes pre-restore validation
ok 54 - valid personal state passes pre-restore validation
  ---
  duration_ms: 0.353734
  type: 'test'
  ...
# Subtest: invalid active view and cursor rejected before restore
ok 55 - invalid active view and cursor rejected before restore
  ---
  duration_ms: 0.252761
  type: 'test'
  ...
# Subtest: third pane and six views rejected on restore
ok 56 - third pane and six views rejected on restore
  ---
  duration_ms: 0.372972
  type: 'test'
  ...
# Subtest: restore rejects malformed ratings and overlay ID substitutions
ok 57 - restore rejects malformed ratings and overlay ID substitutions
  ---
  duration_ms: 0.29217
  type: 'test'
  ...
# Subtest: publication rejects private and unreviewed packs
ok 58 - publication rejects private and unreviewed packs
  ---
  duration_ms: 0.340534
  type: 'test'
  ...
# Subtest: publication rejects stale content review hash
ok 59 - publication rejects stale content review hash
  ---
  duration_ms: 8.50126
  type: 'test'
  ...
# Subtest: physical PDF spread pairs consecutive pages without invented blank last page
ok 60 - physical PDF spread pairs consecutive pages without invented blank last page
  ---
  duration_ms: 0.241474
  type: 'test'
  ...
# Subtest: PDF cover-alone mode preserves page-one identity
ok 61 - PDF cover-alone mode preserves page-one identity
  ---
  duration_ms: 0.069745
  type: 'test'
  ...
# Subtest: PDF controls clamp pages and add intrinsic rotation
ok 62 - PDF controls clamp pages and add intrinsic rotation
  ---
  duration_ms: 0.103867
  type: 'test'
  ...
# Subtest: source import cannot shadow a retained locally added page ID
ok 63 - source import cannot shadow a retained locally added page ID
  ---
  duration_ms: 1.472871
  type: 'test'
  ...
# Subtest: removed project IDs are blocked during pack update
ok 64 - removed project IDs are blocked during pack update
  ---
  duration_ms: 1.468385
  type: 'test'
  ...
# Subtest: SVG safety inspection covers content after two megabytes
ok 65 - SVG safety inspection covers content after two megabytes
  ---
  duration_ms: 3.739089
  type: 'test'
  ...
# Subtest: duplicate PDF identities are not silently resolved first-wins
ok 66 - duplicate PDF identities are not silently resolved first-wins
  ---
  duration_ms: 0.335346
  type: 'test'
  ...
1..66
# tests 66
# suites 0
# pass 66
# fail 0
# cancelled 0
# skipped 0
# todo 0
# duration_ms 343.539086
