{
  "scope": "Local installed lockfile packages and unchanged vendor bytes. Does NOT certify current vulnerabilities or complete precompiled Mermaid transitive licenses.",
  "lockfilePackages": [
    {
      "name": "core-util-is",
      "version": "1.0.3",
      "license": "MIT"
    },
    {
      "name": "immediate",
      "version": "3.0.6",
      "license": "MIT"
    },
    {
      "name": "inherits",
      "version": "2.0.4",
      "license": "ISC"
    },
    {
      "name": "isarray",
      "version": "1.0.0",
      "license": "MIT"
    },
    {
      "name": "jszip",
      "version": "3.10.1",
      "license": "(MIT OR GPL-3.0-or-later)"
    },
    {
      "name": "lie",
      "version": "3.3.0",
      "license": "MIT"
    },
    {
      "name": "pako",
      "version": "1.0.11",
      "license": "(MIT AND Zlib)"
    },
    {
      "name": "prismjs",
      "version": "1.30.0",
      "license": "MIT"
    },
    {
      "name": "process-nextick-args",
      "version": "2.0.1",
      "license": "MIT"
    },
    {
      "name": "readable-stream",
      "version": "2.3.8",
      "license": "MIT"
    },
    {
      "name": "safe-buffer",
      "version": "5.1.2",
      "license": "MIT"
    },
    {
      "name": "setimmediate",
      "version": "1.0.5",
      "license": "MIT"
    },
    {
      "name": "string_decoder",
      "version": "1.1.1",
      "license": "MIT"
    },
    {
      "name": "typescript",
      "version": "5.8.3",
      "license": "Apache-2.0"
    },
    {
      "name": "util-deprecate",
      "version": "1.0.2",
      "license": "MIT"
    }
  ],
  "vendorFiles": 113,
  "vendorByteIntegrity": "PASS",
  "installedVersionsMatch": true,
  "fullDependencyLicenseAudit": {
    "status": "BLOCKED",
    "reason": "Registry audit requests fail DNS; the inherited precompiled Mermaid closure has no complete original dependency lock/SBOM. Original upstream notices and byte pins remain intact."
  }
}
