
> knowledge-atlas@1.0.1 test:headers
> python tests/headers_test.py

{
  "scope": "Actual localhost HTTP server and deployable dist/_headers; no live Netlify deployment was requested or changed.",
  "status": "PASS",
  "checks": [
    {
      "path": "/",
      "status": "PASS",
      "actualHeaders": {
        "X-Content-Type-Options": "nosniff",
        "Referrer-Policy": "no-referrer",
        "X-Frame-Options": "SAMEORIGIN",
        "Permissions-Policy": "camera=(), microphone=(), geolocation=()"
      }
    },
    {
      "path": "app/main.js",
      "status": "PASS",
      "actualHeaders": {
        "X-Content-Type-Options": "nosniff",
        "Referrer-Policy": "no-referrer",
        "X-Frame-Options": "SAMEORIGIN",
        "Permissions-Policy": "camera=(), microphone=(), geolocation=()"
      }
    },
    {
      "path": "content.json",
      "status": "PASS",
      "actualHeaders": {
        "X-Content-Type-Options": "nosniff",
        "Referrer-Policy": "no-referrer",
        "X-Frame-Options": "SAMEORIGIN",
        "Permissions-Policy": "camera=(), microphone=(), geolocation=()"
      }
    }
  ],
  "liveNetlify": {
    "status": "BLOCKED",
    "reason": "Remote deployed response verification was not run; this is local/package evidence only."
  }
}
