PASS Compare toggles closed and preserves active right pane exactly
PASS Compare preserves active left pane too
PASS Compare remains closable with an empty active pane
PASS Per-pane close still works
PASS Focus immediately precedes Compare in the requested control order
PASS Focus restores exact panels: left=False, right=False
PASS Focus restores exact panels: left=False, right=True
PASS Focus restores exact panels: left=True, right=False
PASS Focus restores exact panels: left=True, right=True
PASS Escape exits Focus while Compare remains usable
PASS Right-click opens a fresh internal tab without changing source view
PASS Tree menu keyboard navigation and focus return
PASS Other-pane action targets the non-active pane only
PASS Tree document bookmark toggle does not copy another page position
PASS Tree new tab via Control
PASS Tree new tab via Meta
PASS Tree new tab via middle
PASS Five-tab cap is visible; closing active tab chooses its neighbor
PASS New-tab picker does not inherit another view settings
PASS Search exposes an explicit open-in-new-tab action
PASS Tab modes, English, anchor and history restore independently
PASS Pointer divider, keyboard divider and swap
PASS Mobile pane switcher and toggle preserve a visible survivor
PASS Long-note guide opens Book: paired 1-2 then 3-4, not Compare
PASS Short note is one real Book sheet
PASS Rapid A/B remarks retain their stable page keys
PASS Contextual glossary, global glossary, related pages and backlinks
PASS All learning flags and global hide/show preserve values
PASS Notebook create, rename, archive and restore through real controls
PASS Six-level folders, deep page, rename, move and folder archive/restore
PASS Manage project groups via Home
PASS Note plus PDF Compare retains explicitly labelled fallback
PASS Root page creation, same-notebook move, page archive and restore
PASS Outline jump opens a folded section at its stable block anchor
PASS Explicit page break advances sheet; oversized callout has full-source fallback
PASS PDF revision remarks remain separate and require explicit copy
PASS Mixed layouts, reading positions, tabs and history remain per-pane
PASS Position bookmark resolves stable page ID after source relocation
PASS No uncaught JavaScript errors in hardening interactions
{"passed": 39, "failed": 0}
