
> knowledge-atlas@1.0.1 pretest
> npm run build


> knowledge-atlas@1.0.1 build
> node tools/build.mjs

Validated public content: {"owners":{"page.atlas.language":"atlas.reader-guide","page.atlas.layouts":"atlas.reader-guide","page.atlas.password":"atlas.reader-guide","page.atlas.pdf":"atlas.reader-guide","page.atlas.rotated":"atlas.reader-guide","page.atlas.welcome":"atlas.reader-guide","project.atlas.guide":"atlas.reader-guide","example.page.overview":"example.notes","example.page.second":"example.notes","example.term.pack":"example.notes","example.project":"example.notes"},"missing":[],"pages":8,"terms":1,"projects":2,"glossaryLinks":1}
Static build complete in dist/. No private library is included.

> knowledge-atlas@1.0.1 test
> node --test tests/*.test.mjs

TAP version 13
# Subtest: public catalogue has eight pages, one term and two projects
ok 1 - public catalogue has eight pages, one term and two projects
  ---
  duration_ms: 2.727385
  type: 'test'
  ...
# Subtest: strict schemas refuse unknown page fields
ok 2 - strict schemas refuse unknown page fields
  ---
  duration_ms: 0.969032
  type: 'test'
  ...
# Subtest: strict @2 schema requires stable IDs on all blocks
ok 3 - strict @2 schema requires stable IDs on all blocks
  ---
  duration_ms: 0.552163
  type: 'test'
  ...
# Subtest: unknown payload versions cannot be guessed
ok 4 - unknown payload versions cannot be guessed
  ---
  duration_ms: 1.090701
  type: 'test'
  ...
# Subtest: path rejected "../secret"
ok 5 - path rejected "../secret"
  ---
  duration_ms: 0.294484
  type: 'test'
  ...
# Subtest: path rejected "/absolute"
ok 6 - path rejected "/absolute"
  ---
  duration_ms: 0.119991
  type: 'test'
  ...
# Subtest: path rejected "a/../b"
ok 7 - path rejected "a/../b"
  ---
  duration_ms: 0.273743
  type: 'test'
  ...
# Subtest: path rejected "a//b"
ok 8 - path rejected "a//b"
  ---
  duration_ms: 0.121794
  type: 'test'
  ...
# Subtest: path rejected "a\\\\b"
ok 9 - path rejected "a\\\\b"
  ---
  duration_ms: 0.606896
  type: 'test'
  ...
# Subtest: path rejected "x:evil"
ok 10 - path rejected "x:evil"
  ---
  duration_ms: 0.60969
  type: 'test'
  ...
# Subtest: path rejected "a/./b"
ok 11 - path rejected "a/./b"
  ---
  duration_ms: 0.221845
  type: 'test'
  ...
# Subtest: path rejected "bad\\u0000name"
ok 12 - path rejected "bad\\u0000name"
  ---
  duration_ms: 0.132039
  type: 'test'
  ...
# Subtest: safe relative nested file accepted
ok 13 - safe relative nested file accepted
  ---
  duration_ms: 0.114453
  type: 'test'
  ...
# Subtest: unsafe URL schemes and credentials refused
ok 14 - unsafe URL schemes and credentials refused
  ---
  duration_ms: 0.268145
  type: 'test'
  ...
# Subtest: prototype pollution and overdeep objects refused
ok 15 - prototype pollution and overdeep objects refused
  ---
  duration_ms: 0.606285
  type: 'test'
  ...
# Subtest: canonical hashing stable across key order and omitted undefined fields
ok 16 - canonical hashing stable across key order and omitted undefined fields
  ---
  duration_ms: 19.266039
  type: 'test'
  ...
# Subtest: deterministic block migration retains existing IDs and all text
ok 17 - deterministic block migration retains existing IDs and all text
  ---
  duration_ms: 7.001143
  type: 'test'
  ...
# Subtest: duplicate block IDs rejected instead of silently rewritten
ok 18 - duplicate block IDs rejected instead of silently rewritten
  ---
  duration_ms: 0.331371
  type: 'test'
  ...
# Subtest: wiki references resolve while code indexing is not misread as a link
ok 19 - wiki references resolve while code indexing is not misread as a link
  ---
  duration_ms: 0.744634
  type: 'test'
  ...
# Subtest: duplicate global owner IDs rejected
ok 20 - duplicate global owner IDs rejected
  ---
  duration_ms: 0.292931
  type: 'test'
  ...
# Subtest: broken page links rejected
ok 21 - broken page links rejected
  ---
  duration_ms: 1.149464
  type: 'test'
  ...
# Subtest: glossary backlinks counted by edge, not page annotation
ok 22 - glossary backlinks counted by edge, not page annotation
  ---
  duration_ms: 0.135915
  type: 'test'
  ...
# Subtest: semantic version comparison numeric not lexicographic
ok 23 - semantic version comparison numeric not lexicographic
  ---
  duration_ms: 0.118739
  type: 'test'
  ...
# Subtest: identical import is idempotent
ok 24 - identical import is idempotent
  ---
  duration_ms: 1.065077
  type: 'test'
  ...
# Subtest: same-version changed bytes are a conflict
ok 25 - same-version changed bytes are a conflict
  ---
  duration_ms: 5.778599
  type: 'test'
  ...
# Subtest: older version does not overwrite newer built-in content
ok 26 - older version does not overwrite newer built-in content
  ---
  duration_ms: 1.60378
  type: 'test'
  ...
# Subtest: missing stable page IDs are not deletion commands
ok 27 - missing stable page IDs are not deletion commands
  ---
  duration_ms: 1.454475
  type: 'test'
  ...
# Subtest: update touching local edited source requires a rebase
ok 28 - update touching local edited source requires a rebase
  ---
  duration_ms: 3.845552
  type: 'test'
  ...
# Subtest: library update preserves additions, remarks, flags, bookmarks, archives and active views
ok 29 - library update preserves additions, remarks, flags, bookmarks, archives and active views
  ---
  duration_ms: 10.347062
  type: 'test'
  ...
# Subtest: new built-in revisions win over stale backup pack snapshots
ok 30 - new built-in revisions win over stale backup pack snapshots
  ---
  duration_ms: 5.969086
  type: 'test'
  ...
# Subtest: move operations preserve page IDs and block contents
ok 31 - move operations preserve page IDs and block contents
  ---
  duration_ms: 0.560726
  type: 'test'
  ...
# Subtest: folder cycles rejected
ok 32 - folder cycles rejected
  ---
  duration_ms: 0.297088
  type: 'test'
  ...
# Subtest: histories and English toggles independent across views
ok 33 - histories and English toggles independent across views
  ---
  duration_ms: 0.232611
  type: 'test'
  ...
# Subtest: history branch removes only forward branch of that view
ok 34 - history branch removes only forward branch of that view
  ---
  duration_ms: 0.111648
  type: 'test'
  ...
# Subtest: lossless text editing leaves structured blocks and IDs untouched
ok 35 - lossless text editing leaves structured blocks and IDs untouched
  ---
  duration_ms: 0.373343
  type: 'test'
  ...
# Subtest: search indexes code body, glossary definition and translations
ok 36 - search indexes code body, glossary definition and translations
  ---
  duration_ms: 1.376266
  type: 'test'
  ...
# Subtest: AI text export omits answers, English and personal remarks by default flags
ok 37 - AI text export omits answers, English and personal remarks by default flags
  ---
  duration_ms: 0.145379
  type: 'test'
  ...
# Subtest: AI text export includes remarks only with explicit content option
ok 38 - AI text export includes remarks only with explicit content option
  ---
  duration_ms: 0.083606
  type: 'test'
  ...
# Subtest: active SVG rejected <svg><script>alert(1)</script></svg
ok 39 - active SVG rejected <svg><script>alert(1)</script></svg
  ---
  duration_ms: 0.231759
  type: 'test'
  ...
# Subtest: active SVG rejected <svg onload="evil()"/>
ok 40 - active SVG rejected <svg onload="evil()"/>
  ---
  duration_ms: 0.336428
  type: 'test'
  ...
# Subtest: active SVG rejected <svg><image href="https://evil.test
ok 41 - active SVG rejected <svg><image href="https://evil.test
  ---
  duration_ms: 0.175695
  type: 'test'
  ...
# Subtest: active SVG rejected <svg><foreignObject>HTML</foreignOb
ok 42 - active SVG rejected <svg><foreignObject>HTML</foreignOb
  ---
  duration_ms: 0.056315
  type: 'test'
  ...
# Subtest: authored local SVG markers accepted
ok 43 - authored local SVG markers accepted
  ---
  duration_ms: 0.215345
  type: 'test'
  ...
# Subtest: HTML and LFS pointers refused as PDF bytes
ok 44 - HTML and LFS pointers refused as PDF bytes
  ---
  duration_ms: 0.132279
  type: 'test'
  ...
# Subtest: asset MIME mismatch rejected
ok 45 - asset MIME mismatch rejected
  ---
  duration_ms: 0.073641
  type: 'test'
  ...
# Subtest: repository-shaped private content export round-trips stable IDs and attachments
ok 46 - repository-shaped private content export round-trips stable IDs and attachments
  ---
  duration_ms: 118.276123
  type: 'test'
  ...
# Subtest: complete backup round-trip retains personal state and exact PDF bytes
ok 47 - complete backup round-trip retains personal state and exact PDF bytes
  ---
  duration_ms: 29.89094
  type: 'test'
  ...
# Subtest: backup refuses incomplete attachment dependencies
ok 48 - backup refuses incomplete attachment dependencies
  ---
  duration_ms: 0.222706
  type: 'test'
  ...
# Subtest: corrupt transfer checksums refused
ok 49 - corrupt transfer checksums refused
  ---
  duration_ms: 2.292759
  type: 'test'
  ...
# Subtest: ZIP traversal refused before extraction
ok 50 - ZIP traversal refused before extraction
  ---
  duration_ms: 0.587797
  type: 'test'
  ...
# Subtest: executable notebook imports quarantined
ok 51 - executable notebook imports quarantined
  ---
  duration_ms: 0.603721
  type: 'test'
  ...
# Subtest: ZIP high compression ratio refused
ok 52 - ZIP high compression ratio refused
  ---
  duration_ms: 20.365168
  type: 'test'
  ...
# Subtest: malformed ZIP header refused
ok 53 - malformed ZIP header refused
  ---
  duration_ms: 0.208355
  type: 'test'
  ...
# Subtest: valid personal state passes pre-restore validation
ok 54 - valid personal state passes pre-restore validation
  ---
  duration_ms: 0.36413
  type: 'test'
  ...
# Subtest: invalid active view and cursor rejected before restore
ok 55 - invalid active view and cursor rejected before restore
  ---
  duration_ms: 0.248264
  type: 'test'
  ...
# Subtest: third pane and six views rejected on restore
ok 56 - third pane and six views rejected on restore
  ---
  duration_ms: 0.352842
  type: 'test'
  ...
# Subtest: restore rejects malformed ratings and overlay ID substitutions
ok 57 - restore rejects malformed ratings and overlay ID substitutions
  ---
  duration_ms: 0.317228
  type: 'test'
  ...
# Subtest: publication rejects private and unreviewed packs
ok 58 - publication rejects private and unreviewed packs
  ---
  duration_ms: 0.410539
  type: 'test'
  ...
# Subtest: publication rejects stale content review hash
ok 59 - publication rejects stale content review hash
  ---
  duration_ms: 6.195428
  type: 'test'
  ...
# Subtest: physical PDF spread pairs consecutive pages without invented blank last page
ok 60 - physical PDF spread pairs consecutive pages without invented blank last page
  ---
  duration_ms: 0.181393
  type: 'test'
  ...
# Subtest: PDF cover-alone mode preserves page-one identity
ok 61 - PDF cover-alone mode preserves page-one identity
  ---
  duration_ms: 0.093521
  type: 'test'
  ...
# Subtest: PDF controls clamp pages and add intrinsic rotation
ok 62 - PDF controls clamp pages and add intrinsic rotation
  ---
  duration_ms: 0.066661
  type: 'test'
  ...
# Subtest: source import cannot shadow a retained locally added page ID
ok 63 - source import cannot shadow a retained locally added page ID
  ---
  duration_ms: 1.49781
  type: 'test'
  ...
# Subtest: removed project IDs are blocked during pack update
ok 64 - removed project IDs are blocked during pack update
  ---
  duration_ms: 0.785656
  type: 'test'
  ...
# Subtest: SVG safety inspection covers content after two megabytes
ok 65 - SVG safety inspection covers content after two megabytes
  ---
  duration_ms: 5.08987
  type: 'test'
  ...
# Subtest: duplicate PDF identities are not silently resolved first-wins
ok 66 - duplicate PDF identities are not silently resolved first-wins
  ---
  duration_ms: 0.268195
  type: 'test'
  ...
# Subtest: supplied v1 and v2 fixtures parse through the actual ZIP and schema validators
ok 67 - supplied v1 and v2 fixtures parse through the actual ZIP and schema validators
  ---
  duration_ms: 1.534055
  type: 'test'
  ...
# Subtest: supplied synthetic update preserves additions, remarks, flags, bookmarks, views and archive/group state exactly
ok 68 - supplied synthetic update preserves additions, remarks, flags, bookmarks, views and archive/group state exactly
  ---
  duration_ms: 5.253186
  type: 'test'
  ...
# Subtest: synthetic v1.1 reimport is idempotent without duplicate pages
ok 69 - synthetic v1.1 reimport is idempotent without duplicate pages
  ---
  duration_ms: 0.701869
  type: 'test'
  ...
# Subtest: same-version modified synthetic content is blocked without mutating the workspace
ok 70 - same-version modified synthetic content is blocked without mutating the workspace
  ---
  duration_ms: 10.952355
  type: 'test'
  ...
# Subtest: older synthetic pack is blocked
ok 71 - older synthetic pack is blocked
  ---
  duration_ms: 1.011135
  type: 'test'
  ...
# Subtest: omitted stable synthetic page IDs are never deletion instructions
ok 72 - omitted stable synthetic page IDs are never deletion instructions
  ---
  duration_ms: 1.90865
  type: 'test'
  ...
# Subtest: synthetic source edit collision requires explicit rebase
ok 73 - synthetic source edit collision requires explicit rebase
  ---
  duration_ms: 1.250717
  type: 'test'
  ...
# Subtest: complete synthetic backup restore round-trip is exact including a local PDF
ok 74 - complete synthetic backup restore round-trip is exact including a local PDF
  ---
  duration_ms: 75.193072
  type: 'test'
  ...
# Subtest: backup fails BEFORE download when imported-pack assets are absent
ok 75 - backup fails BEFORE download when imported-pack assets are absent
  ---
  duration_ms: 1.424028
  type: 'test'
  ...
# Subtest: backup fails BEFORE download when a local PDF is missing
ok 76 - backup fails BEFORE download when a local PDF is missing
  ---
  duration_ms: 3.681054
  type: 'test'
  ...
# Subtest: backup rejects changed bytes under an unchanged attachment hash
ok 77 - backup rejects changed bytes under an unchanged attachment hash
  ---
  duration_ms: 1.905945
  type: 'test'
  ...
# Subtest: Compare top-bar close preserves pane 0 losslessly
ok 78 - Compare top-bar close preserves pane 0 losslessly
  ---
  duration_ms: 0.809812
  type: 'test'
  ...
# Subtest: Compare top-bar close preserves pane 1 losslessly
ok 79 - Compare top-bar close preserves pane 1 losslessly
  ---
  duration_ms: 0.388416
  type: 'test'
  ...
# Subtest: Compare copies independent deep state when opening
ok 80 - Compare copies independent deep state when opening
  ---
  duration_ms: 0.388637
  type: 'test'
  ...
# Subtest: Compare can close even when its active pane is empty
ok 81 - Compare can close even when its active pane is empty
  ---
  duration_ms: 0.293813
  type: 'test'
  ...
# Subtest: five tabs have independent mode, translation, source anchor and history
ok 82 - five tabs have independent mode, translation, source anchor and history
  ---
  duration_ms: 0.507876
  type: 'test'
  ...
# Subtest: six nested folders plus a local root/deep page survive rename and cross-notebook move
ok 83 - six nested folders plus a local root/deep page survive rename and cross-notebook move
  ---
  duration_ms: 0.834029
  type: 'test'
  ...
# Subtest: synthetic search: title
ok 84 - synthetic search: title
  ---
  duration_ms: 1.453353
  type: 'test'
  ...
# Subtest: synthetic search: body
ok 85 - synthetic search: body
  ---
  duration_ms: 0.760387
  type: 'test'
  ...
# Subtest: synthetic search: code
ok 86 - synthetic search: code
  ---
  duration_ms: 0.727808
  type: 'test'
  ...
# Subtest: synthetic search: tags
ok 87 - synthetic search: tags
  ---
  duration_ms: 0.476349
  type: 'test'
  ...
# Subtest: synthetic search: folder
ok 88 - synthetic search: folder
  ---
  duration_ms: 0.496689
  type: 'test'
  ...
# Subtest: synthetic search: English
ok 89 - synthetic search: English
  ---
  duration_ms: 0.581187
  type: 'test'
  ...
# Subtest: synthetic search: Norwegian
ok 90 - synthetic search: Norwegian
  ---
  duration_ms: 0.494126
  type: 'test'
  ...
# Subtest: physical spread navigation covers every page once: 1 cover=false
ok 91 - physical spread navigation covers every page once: 1 cover=false
  ---
  duration_ms: 0.196797
  type: 'test'
  ...
# Subtest: physical spread navigation covers every page once: 1 cover=true
ok 92 - physical spread navigation covers every page once: 1 cover=true
  ---
  duration_ms: 0.05972
  type: 'test'
  ...
# Subtest: physical spread navigation covers every page once: 2 cover=false
ok 93 - physical spread navigation covers every page once: 2 cover=false
  ---
  duration_ms: 0.047232
  type: 'test'
  ...
# Subtest: physical spread navigation covers every page once: 2 cover=true
ok 94 - physical spread navigation covers every page once: 2 cover=true
  ---
  duration_ms: 0.102915
  type: 'test'
  ...
# Subtest: physical spread navigation covers every page once: 3 cover=false
ok 95 - physical spread navigation covers every page once: 3 cover=false
  ---
  duration_ms: 0.063726
  type: 'test'
  ...
# Subtest: physical spread navigation covers every page once: 3 cover=true
ok 96 - physical spread navigation covers every page once: 3 cover=true
  ---
  duration_ms: 5.307568
  type: 'test'
  ...
# Subtest: physical spread navigation covers every page once: 4 cover=false
ok 97 - physical spread navigation covers every page once: 4 cover=false
  ---
  duration_ms: 0.11253
  type: 'test'
  ...
# Subtest: physical spread navigation covers every page once: 4 cover=true
ok 98 - physical spread navigation covers every page once: 4 cover=true
  ---
  duration_ms: 0.067231
  type: 'test'
  ...
# Subtest: physical spread navigation covers every page once: 5 cover=false
ok 99 - physical spread navigation covers every page once: 5 cover=false
  ---
  duration_ms: 0.049194
  type: 'test'
  ...
# Subtest: physical spread navigation covers every page once: 5 cover=true
ok 100 - physical spread navigation covers every page once: 5 cover=true
  ---
  duration_ms: 0.046851
  type: 'test'
  ...
# Subtest: physical spread navigation covers every page once: 10 cover=false
ok 101 - physical spread navigation covers every page once: 10 cover=false
  ---
  duration_ms: 0.044688
  type: 'test'
  ...
# Subtest: physical spread navigation covers every page once: 10 cover=true
ok 102 - physical spread navigation covers every page once: 10 cover=true
  ---
  duration_ms: 0.054142
  type: 'test'
  ...
# Subtest: synthetic glossary label/definition/translation: Glossary-only audit term
ok 103 - synthetic glossary label/definition/translation: Glossary-only audit term
  ---
  duration_ms: 1.265018
  type: 'test'
  ...
# Subtest: synthetic glossary label/definition/translation: GlossaryDefinitionOnlyToken_7319
ok 104 - synthetic glossary label/definition/translation: GlossaryDefinitionOnlyToken_7319
  ---
  duration_ms: 0.412322
  type: 'test'
  ...
# Subtest: synthetic glossary label/definition/translation: Parallellspråk
ok 105 - synthetic glossary label/definition/translation: Parallellspråk
  ---
  duration_ms: 0.513054
  type: 'test'
  ...
# Subtest: backup also rejects corrupt orphan attachments retained in the workspace
ok 106 - backup also rejects corrupt orphan attachments retained in the workspace
  ---
  duration_ms: 5.486338
  type: 'test'
  ...
1..106
# tests 106
# suites 0
# pass 106
# fail 0
# cancelled 0
# skipped 0
# todo 0
# duration_ms 391.390459
