
> knowledge-atlas@2.0.0 build
> node tools/build-vite.mjs

Validated public content: {"owners":{"page.cheatsheet.azure-data-factory":"atlas.cheatsheet-samples","page.cheatsheet.pandas-essentials":"atlas.cheatsheet-samples","page.cheatsheet.pyspark-execution":"atlas.cheatsheet-samples","page.cheatsheet.sql-analytics":"atlas.cheatsheet-samples","project.cheatsheets":"atlas.cheatsheet-samples","page.interview.coding-errors":"atlas.interview-samples","page.interview.coding-group":"atlas.interview-samples","page.interview.coding-latest":"atlas.interview-samples","page.interview.hybrid-fanout":"atlas.interview-samples","page.interview.hybrid-lazy":"atlas.interview-samples","page.interview.hybrid-retry":"atlas.interview-samples","page.interview.sql-q1":"atlas.interview-samples","page.interview.sql-q2":"atlas.interview-samples","page.interview.sql-q3":"atlas.interview-samples","page.interview.sql-q4":"atlas.interview-samples","page.interview.sql-q5":"atlas.interview-samples","page.interview.theory-batch":"atlas.interview-samples","page.interview.theory-behavioral":"atlas.interview-samples","page.interview.theory-layout":"atlas.interview-samples","page.interview.theory-medallion":"atlas.interview-samples","project.interview-preparation":"atlas.interview-samples","page.atlas.language":"atlas.reader-guide","page.atlas.layouts":"atlas.reader-guide","page.atlas.password":"atlas.reader-guide","page.atlas.pdf":"atlas.reader-guide","page.atlas.rotated":"atlas.reader-guide","page.atlas.welcome":"atlas.reader-guide","project.atlas.guide":"atlas.reader-guide","example.page.overview":"example.notes","example.page.second":"example.notes","example.term.pack":"example.notes","example.project":"example.notes","page.pdfatlas.pyspark-pandas":"pdfatlas.public","page.pdfatlas.spark-concepts":"pdfatlas.public","project.pdfatlas":"pdfatlas.public","page.samples.azure.pipeline":"study.samples","page.samples.databricks.workflow":"study.samples","page.samples.job.explain":"study.samples","page.samples.norsk.sentences":"study.samples","page.samples.pandas.filter":"study.samples","page.samples.personal.scratchpad":"study.samples","page.samples.pyspark.transform":"study.samples","page.samples.python.collections":"study.samples","page.samples.python.loops":"study.samples","page.samples.sql.select":"study.samples","project.samples.python":"study.samples","project.samples.sql":"study.samples","project.samples.pandas":"study.samples","project.samples.pyspark":"study.samples","project.samples.azure":"study.samples","project.samples.databricks":"study.samples","project.samples.norsk":"study.samples","project.samples.job":"study.samples","project.samples.personal":"study.samples"},"missing":[],"pages":39,"terms":1,"projects":14,"glossaryLinks":1}
[36mvite v8.2.2 [32mbuilding client environment for production...[36m[39m
transforming...
<script src="./app/vendor/jszip.js"> in "/index.html" can't be bundled without type="module" attribute
<script src="./app/vendor/prism.js"> in "/index.html" can't be bundled without type="module" attribute
[33m[plugin rolldown:vite-resolve] Module "node:crypto" has been externalized for browser compatibility, imported by "/mnt/data/atlasnote-v2-stabilized/src/vendor/mermaid/svelte/svelte_internal_server.js". See https://vite.dev/guide/troubleshooting.html#module-externalized-for-browser-compatibility for more details.[39m
[33m[plugin rolldown:vite-resolve] Module "node:async_hooks" has been externalized for browser compatibility, imported by "/mnt/data/atlasnote-v2-stabilized/src/vendor/mermaid/svelte/svelte_internal_server.js". See https://vite.dev/guide/troubleshooting.html#module-externalized-for-browser-compatibility for more details.[39m
✓ 257 modules transformed.
rendering chunks...
computing gzip size...
dist/index.html                                                  0.63 kB │ gzip:   0.36 kB
dist/assets/PdfEngine-Bf5_3j-I.css                              17.31 kB │ gzip:   3.91 kB
dist/assets/main-D0Vx-SKh.css                                  124.79 kB │ gzip:  24.49 kB
dist/assets/clone-CMXc9HUx-uD80BZQ_.js                           0.10 kB │ gzip:   0.11 kB
dist/assets/channel-CWqaS4Jl-DlPc58r6.js                         0.11 kB │ gzip:   0.12 kB
dist/app/storage/workspace-snapshot.js                           0.13 kB │ gzip:   0.12 kB
dist/assets/init-Dmth1JHB-C-OQMol4.js                            0.14 kB │ gzip:   0.12 kB
dist/assets/chunk-QZHKN3VN-D9Om-fOY-BJohJhx8.js                  0.19 kB │ gzip:   0.16 kB
dist/assets/chunk-4BX2VUAB-BaO1cqwC-BXn_NkAu.js                  0.22 kB │ gzip:   0.16 kB
dist/assets/chunk-55IACEB6-DRRLWp3g-oqFmJC5R.js                  0.23 kB │ gzip:   0.20 kB
dist/assets/pie-7BOR55EZ-M8Psj7d1-Cx0EW2BY.js                    0.24 kB │ gzip:   0.18 kB
dist/assets/info-NVLQJR56-DsY8nGXZ-7iPJRcBc.js                   0.24 kB │ gzip:   0.19 kB
dist/assets/radar-NHE76QYJ-5ODM55so-Oce316V0.js                  0.24 kB │ gzip:   0.19 kB
dist/assets/packet-BFZMPI3H-CIbab7aJ-8zigI4Lr.js                 0.24 kB │ gzip:   0.19 kB
dist/assets/treemap-KMMF4GRG-BrVflxTa-D7nq59Hk.js                0.24 kB │ gzip:   0.19 kB
dist/assets/gitGraph-F6HP7TQM-DtAHpTEk-C4rydi8E.js               0.24 kB │ gzip:   0.19 kB
dist/assets/architecture-U656AL7Q-B0aT4QJ2-CjaTlVrj.js           0.25 kB │ gzip:   0.19 kB
dist/assets/chunk-FMBD7UC4-CmreEvgd-DIY7zr3v.js                  0.36 kB │ gzip:   0.26 kB
dist/assets/stateDiagram-v2-4FDKWEC3-YCZ2rsQb-CDCSmcwM.js        0.41 kB │ gzip:   0.30 kB
dist/assets/classDiagram-2ON5EDUG-CaMWxcv5-BVKJtDUX.js           0.45 kB │ gzip:   0.33 kB
dist/assets/classDiagram-v2-WZHVMYZB-CaMWxcv5-BVKJtDUX.js        0.45 kB │ gzip:   0.33 kB
dist/assets/chunk-QN33PNHL-CTWghO9X-5eDVFpVz.js                  0.50 kB │ gzip:   0.35 kB
dist/assets/min-BsQtlEPy-DvltlOPU.js                             0.58 kB │ gzip:   0.36 kB
dist/assets/infoDiagram-WHAUD3N6-kTDtfRnW-B79pDbEa.js            0.67 kB │ gzip:   0.44 kB
dist/assets/ordinal-BeghXfj9-BOYJFW-9.js                         1.18 kB │ gzip:   0.57 kB
dist/assets/main-eXiJ6ZSJ.js                                     1.19 kB │ gzip:   0.66 kB
dist/assets/preload-helper-HclGiUj8.js                           1.21 kB │ gzip:   0.67 kB
dist/assets/chunk-TZMSLE5B-B6U4LxXm-DxrHX2OZ.js                  1.41 kB │ gzip:   0.63 kB
dist/assets/arc-CSo4ybba-DEai1OZX.js                             3.47 kB │ gzip:   1.45 kB
dist/assets/diagram-S2PKOQOG-DU59fZvD-DUQoILnu.js                4.26 kB │ gzip:   1.86 kB
dist/assets/defaultLocale-CzDG__Ur-CIABXL3n.js                   4.62 kB │ gzip:   2.12 kB
dist/assets/pieDiagram-ADFJNKIX-BkULcsJ0-CpX78IGY.js             5.07 kB │ gzip:   2.24 kB
dist/assets/linear-Bc_1ZEPy-9-xayNA0.js                          5.55 kB │ gzip:   2.28 kB
dist/assets/diagram-QEK2KX5R-DGdH6jS5-7LzPG7LP.js                5.79 kB │ gzip:   2.41 kB
dist/assets/_baseUniq-Y4WFS72s-BwgvDXxA.js                       8.34 kB │ gzip:   3.46 kB
dist/assets/graph-BrhA-33P-BL07DLmw.js                           9.29 kB │ gzip:   3.15 kB
dist/assets/stateDiagram-FKZM4ZOC-D2v1Cixb-DuR7EaCb.js          10.29 kB │ gzip:   3.59 kB
dist/assets/dagre-6UL2VRFP-CovziYUG-CoH5PQtJ.js                 10.90 kB │ gzip:   4.06 kB
dist/assets/svelte_events-_cdbuH0E.js                           15.50 kB │ gzip:   6.39 kB
dist/assets/diagram-PSM6KHXK-BaOZ_W7c-C1LIJu5o.js               15.51 kB │ gzip:   5.45 kB
dist/assets/kanban-definition-3W4ZIXB7-aoKSFCZX-CBY0hx_P.js     19.84 kB │ gzip:   6.96 kB
dist/assets/workspace-snapshot-otiRIzrN.js                      20.08 kB │ gzip:   6.44 kB
dist/assets/mindmap-definition-VGOIOE7T-CGx00QaD-7ImgwLWp.js    20.67 kB │ gzip:   7.16 kB
dist/assets/sankeyDiagram-TZEHDZUN-Flg_xlJG-CgWe8pMt.js         21.70 kB │ gzip:   7.85 kB
dist/assets/journeyDiagram-XKPGCS4Q-CRgOiro7-BK2i7n2J.js        23.14 kB │ gzip:   8.14 kB
dist/assets/timeline-definition-IT6M3QCI-DGC3eVRT-DZup-q2Y.js   23.19 kB │ gzip:   8.00 kB
dist/assets/gitGraphDiagram-NY62KEGX-BqXjLLaB-BCYGGSoc.js       23.69 kB │ gzip:   7.22 kB
dist/assets/erDiagram-Q2GNP2WA-BBFjvy80-CswXX9Ix.js             24.95 kB │ gzip:   8.71 kB
dist/assets/layout-BOSGuAzj-DDhFYhl3.js                         28.85 kB │ gzip:  10.27 kB
dist/assets/requirementDiagram-UZGBJVZJ-BO-Er0Gv-DLAifHtG.js    29.74 kB │ gzip:   9.31 kB
dist/assets/quadrantDiagram-AYHSOK5B-Beqah9EL-CEd2gvqF.js       33.37 kB │ gzip:   9.73 kB
dist/assets/chunk-DI55MBZ5-Bl2jrir--8539P5wz.js                 35.79 kB │ gzip:  11.55 kB
dist/assets/xychartDiagram-PRI3JC2R-qrUHXmDM-DYgPABQn.js        39.74 kB │ gzip:  11.11 kB
dist/assets/chunk-B4BG7PRW-CbQ8D9M5-Dxmg_pYD.js                 44.84 kB │ gzip:  14.68 kB
dist/assets/personal-state-Ch7W7QY0.js                          50.51 kB │ gzip:  17.86 kB
dist/assets/flowDiagram-NV44I4VS-BcGzX01g-ZdkjLjHj.js           59.82 kB │ gzip:  19.43 kB
dist/assets/ganttDiagram-JELNMOA3-CVPqjhwm-DwkBFLYA.js          67.40 kB │ gzip:  22.36 kB
dist/assets/c4Diagram-YG6GDRKO-DzK26qXY-B0vfeS21.js             69.28 kB │ gzip:  19.36 kB
dist/assets/blockDiagram-VD42YOAC-C4UOSqDr--tQkat4D.js          70.66 kB │ gzip:  19.86 kB
dist/assets/cose-bilkent-S5V4N54A-Dgxubuxm-BSOy6V8q.js          80.95 kB │ gzip:  21.49 kB
dist/assets/jszip.min-zOi3RXNc.js                               95.81 kB │ gzip:  28.43 kB
dist/assets/sequenceDiagram-WL72ISMW-BYJVMZSO-B8rLzRi3.js       96.43 kB │ gzip:  26.34 kB
dist/assets/architectureDiagram-VXUJARFQ-CCOdiPU4-3kAEWCPj.js  145.30 kB │ gzip:  39.93 kB
dist/assets/study-bridge-BJF6IOzY.js                           152.82 kB │ gzip:  50.92 kB
dist/assets/katex-XbL3y5x--haj-WNSA.js                         263.46 kB │ gzip:  77.47 kB
dist/assets/mermaid-parser.core-C2YL8PBe-CwlBjAfg.js           348.16 kB │ gzip:  85.86 kB
dist/assets/main-DGRGKMPT.js                                   401.47 kB │ gzip: 117.05 kB
dist/assets/cytoscape.esm-5J0xJHOV-BE_oXxxz.js                 433.30 kB │ gzip: 137.33 kB
dist/assets/PdfEngine-De3-QmPx.js                              439.72 kB │ gzip: 130.67 kB
dist/assets/mermaid-loader-BpwXUvFF.js                         489.06 kB │ gzip: 136.96 kB

[32m✓ built in 948ms[39m
Integrated hosted build completed in dist/. Compatibility tests cannot overwrite it. Run normal-origin PDF and IndexedDB browser tests before release.
